[2025-04-18T22:18:31.509+0000][gc,heap] Heap region size: 1M
[2025-04-18T22:18:31.567+0000][gc     ] Using G1
[2025-04-18T22:18:31.567+0000][gc,heap,coops] Heap address: 0x00000000c0000000, size: 1024 MB, Compressed Oops mode: 32-bit
[2025-04-18T22:18:55.229+0000][gc,start     ] GC(0) Pause Young (Normal) (G1 Evacuation Pause)
[2025-04-18T22:18:55.229+0000][gc,task      ] GC(0) Using 1 workers of 1 for evacuation
[2025-04-18T22:18:55.351+0000][gc,mmu       ] GC(0) MMU target violated: 21.0ms (20.0ms/21.0ms)
[2025-04-18T22:18:55.351+0000][gc,phases    ] GC(0)   Pre Evacuate Collection Set: 0.0ms
[2025-04-18T22:18:55.351+0000][gc,phases    ] GC(0)   Evacuate Collection Set: 121.8ms
[2025-04-18T22:18:55.351+0000][gc,phases    ] GC(0)   Post Evacuate Collection Set: 0.5ms
[2025-04-18T22:18:55.351+0000][gc,phases    ] GC(0)   Other: 0.4ms
[2025-04-18T22:18:55.351+0000][gc,heap      ] GC(0) Eden regions: 51->0(44)
[2025-04-18T22:18:55.351+0000][gc,heap      ] GC(0) Survivor regions: 0->7(7)
[2025-04-18T22:18:55.351+0000][gc,heap      ] GC(0) Old regions: 0->0
[2025-04-18T22:18:55.351+0000][gc,heap      ] GC(0) Humongous regions: 0->0
[2025-04-18T22:18:55.351+0000][gc,metaspace ] GC(0) Metaspace: 15287K(16000K)->15287K(16000K) NonClass: 13374K(13824K)->13374K(13824K) Class: 1912K(2176K)->1912K(2176K)
[2025-04-18T22:18:55.351+0000][gc           ] GC(0) Pause Young (Normal) (G1 Evacuation Pause) 51M->6M(1024M) 122.763ms
[2025-04-18T22:18:55.351+0000][gc,cpu       ] GC(0) User=0.02s Sys=0.09s Real=0.12s
[2025-04-18T22:18:55.378+0000][gc,heap,exit ] Heap
[2025-04-18T22:18:55.378+0000][gc,heap,exit ]  garbage-first heap   total 1048576K, used 7024K [0x00000000c0000000, 0x0000000100000000)
[2025-04-18T22:18:55.378+0000][gc,heap,exit ]   region size 1024K, 8 young (8192K), 7 survivors (7168K)
[2025-04-18T22:18:55.378+0000][gc,heap,exit ]  Metaspace       used 15290K, capacity 15791K, committed 16000K, reserved 1062912K
[2025-04-18T22:18:55.378+0000][gc,heap,exit ]   class space    used 1912K, capacity 2095K, committed 2176K, reserved 1048576K
