[2025-04-19T08:39:49.748+0000][gc,heap] Heap region size: 1M
[2025-04-19T08:39:49.818+0000][gc     ] Using G1
[2025-04-19T08:39:49.818+0000][gc,heap,coops] Heap address: 0x00000000c0000000, size: 1024 MB, Compressed Oops mode: 32-bit
[2025-04-19T08:40:15.947+0000][gc,start     ] GC(0) Pause Young (Normal) (G1 Evacuation Pause)
[2025-04-19T08:40:15.947+0000][gc,task      ] GC(0) Using 1 workers of 1 for evacuation
[2025-04-19T08:40:16.169+0000][gc,mmu       ] GC(0) MMU target violated: 21.0ms (20.0ms/21.0ms)
[2025-04-19T08:40:16.169+0000][gc,phases    ] GC(0)   Pre Evacuate Collection Set: 0.0ms
[2025-04-19T08:40:16.169+0000][gc,phases    ] GC(0)   Evacuate Collection Set: 214.0ms
[2025-04-19T08:40:16.169+0000][gc,phases    ] GC(0)   Post Evacuate Collection Set: 7.0ms
[2025-04-19T08:40:16.169+0000][gc,phases    ] GC(0)   Other: 0.5ms
[2025-04-19T08:40:16.169+0000][gc,heap      ] GC(0) Eden regions: 51->0(44)
[2025-04-19T08:40:16.169+0000][gc,heap      ] GC(0) Survivor regions: 0->7(7)
[2025-04-19T08:40:16.169+0000][gc,heap      ] GC(0) Old regions: 0->0
[2025-04-19T08:40:16.169+0000][gc,heap      ] GC(0) Humongous regions: 0->0
[2025-04-19T08:40:16.169+0000][gc,metaspace ] GC(0) Metaspace: 15280K(16000K)->15280K(16000K) NonClass: 13366K(13824K)->13366K(13824K) Class: 1913K(2176K)->1913K(2176K)
[2025-04-19T08:40:16.169+0000][gc           ] GC(0) Pause Young (Normal) (G1 Evacuation Pause) 51M->6M(1024M) 221.613ms
[2025-04-19T08:40:16.169+0000][gc,cpu       ] GC(0) User=0.01s Sys=0.09s Real=0.22s
[2025-04-19T08:40:16.216+0000][gc,heap,exit ] Heap
[2025-04-19T08:40:16.216+0000][gc,heap,exit ]  garbage-first heap   total 1048576K, used 6976K [0x00000000c0000000, 0x0000000100000000)
[2025-04-19T08:40:16.216+0000][gc,heap,exit ]   region size 1024K, 9 young (9216K), 7 survivors (7168K)
[2025-04-19T08:40:16.216+0000][gc,heap,exit ]  Metaspace       used 15284K, capacity 15727K, committed 16000K, reserved 1062912K
[2025-04-19T08:40:16.216+0000][gc,heap,exit ]   class space    used 1913K, capacity 2095K, committed 2176K, reserved 1048576K
