[2025-04-19T15:03:44.849+0000][gc,heap] Heap region size: 1M
[2025-04-19T15:03:44.907+0000][gc     ] Using G1
[2025-04-19T15:03:44.907+0000][gc,heap,coops] Heap address: 0x00000000c0000000, size: 1024 MB, Compressed Oops mode: 32-bit
[2025-04-19T15:03:50.552+0000][gc,start     ] GC(0) Pause Young (Normal) (G1 Evacuation Pause)
[2025-04-19T15:03:50.552+0000][gc,task      ] GC(0) Using 1 workers of 1 for evacuation
[2025-04-19T15:03:50.646+0000][gc,mmu       ] GC(0) MMU target violated: 21.0ms (20.0ms/21.0ms)
[2025-04-19T15:03:50.647+0000][gc,phases    ] GC(0)   Pre Evacuate Collection Set: 0.0ms
[2025-04-19T15:03:50.647+0000][gc,phases    ] GC(0)   Evacuate Collection Set: 94.1ms
[2025-04-19T15:03:50.647+0000][gc,phases    ] GC(0)   Post Evacuate Collection Set: 0.4ms
[2025-04-19T15:03:50.647+0000][gc,phases    ] GC(0)   Other: 0.4ms
[2025-04-19T15:03:50.647+0000][gc,heap      ] GC(0) Eden regions: 51->0(44)
[2025-04-19T15:03:50.647+0000][gc,heap      ] GC(0) Survivor regions: 0->7(7)
[2025-04-19T15:03:50.647+0000][gc,heap      ] GC(0) Old regions: 0->0
[2025-04-19T15:03:50.647+0000][gc,heap      ] GC(0) Humongous regions: 0->0
[2025-04-19T15:03:50.647+0000][gc,metaspace ] GC(0) Metaspace: 15512K(16256K)->15512K(16256K) NonClass: 13562K(14080K)->13562K(14080K) Class: 1949K(2176K)->1949K(2176K)
[2025-04-19T15:03:50.647+0000][gc           ] GC(0) Pause Young (Normal) (G1 Evacuation Pause) 51M->6M(1024M) 94.948ms
[2025-04-19T15:03:50.647+0000][gc,cpu       ] GC(0) User=0.01s Sys=0.09s Real=0.10s
[2025-04-19T15:03:52.350+0000][gc,start     ] GC(1) Pause Young (Concurrent Start) (Metadata GC Threshold)
[2025-04-19T15:03:52.350+0000][gc,task      ] GC(1) Using 1 workers of 1 for evacuation
[2025-04-19T15:03:52.472+0000][gc,mmu       ] GC(1) MMU target violated: 21.0ms (20.0ms/21.0ms)
[2025-04-19T15:03:52.472+0000][gc,phases    ] GC(1)   Pre Evacuate Collection Set: 0.1ms
[2025-04-19T15:03:52.472+0000][gc,phases    ] GC(1)   Evacuate Collection Set: 120.6ms
[2025-04-19T15:03:52.472+0000][gc,phases    ] GC(1)   Post Evacuate Collection Set: 0.2ms
[2025-04-19T15:03:52.472+0000][gc,phases    ] GC(1)   Other: 0.4ms
[2025-04-19T15:03:52.472+0000][gc,heap      ] GC(1) Eden regions: 21->0(50)
[2025-04-19T15:03:52.472+0000][gc,heap      ] GC(1) Survivor regions: 7->1(7)
[2025-04-19T15:03:52.472+0000][gc,heap      ] GC(1) Old regions: 0->7
[2025-04-19T15:03:52.472+0000][gc,heap      ] GC(1) Humongous regions: 0->0
[2025-04-19T15:03:52.472+0000][gc,metaspace ] GC(1) Metaspace: 20520K(21248K)->20520K(21248K) NonClass: 17986K(18432K)->17986K(18432K) Class: 2534K(2816K)->2534K(2816K)
[2025-04-19T15:03:52.472+0000][gc           ] GC(1) Pause Young (Concurrent Start) (Metadata GC Threshold) 27M->7M(1024M) 121.348ms
[2025-04-19T15:03:52.472+0000][gc,cpu       ] GC(1) User=0.03s Sys=0.08s Real=0.12s
[2025-04-19T15:03:52.472+0000][gc           ] GC(2) Concurrent Cycle
[2025-04-19T15:03:52.472+0000][gc,marking   ] GC(2) Concurrent Clear Claimed Marks
[2025-04-19T15:03:52.472+0000][gc,marking   ] GC(2) Concurrent Clear Claimed Marks 0.055ms
[2025-04-19T15:03:52.472+0000][gc,marking   ] GC(2) Concurrent Scan Root Regions
[2025-04-19T15:03:52.478+0000][gc,marking   ] GC(2) Concurrent Scan Root Regions 5.907ms
[2025-04-19T15:03:52.478+0000][gc,marking   ] GC(2) Concurrent Mark (7.652s)
[2025-04-19T15:03:52.478+0000][gc,marking   ] GC(2) Concurrent Mark From Roots
[2025-04-19T15:03:52.478+0000][gc,task      ] GC(2) Using 1 workers of 1 for marking
[2025-04-19T15:03:52.492+0000][gc,marking   ] GC(2) Concurrent Mark From Roots 14.021ms
[2025-04-19T15:03:52.492+0000][gc,marking   ] GC(2) Concurrent Preclean
[2025-04-19T15:03:52.492+0000][gc,marking   ] GC(2) Concurrent Preclean 0.091ms
[2025-04-19T15:03:52.492+0000][gc,marking   ] GC(2) Concurrent Mark (7.652s, 7.666s) 14.177ms
[2025-04-19T15:03:52.493+0000][gc,start     ] GC(2) Pause Remark
[2025-04-19T15:03:52.497+0000][gc,stringtable] GC(2) Cleaned string and symbol table, strings: 9753 processed, 0 removed, symbols: 50750 processed, 46 removed
[2025-04-19T15:03:52.497+0000][gc            ] GC(2) Pause Remark 8M->8M(1024M) 4.979ms
[2025-04-19T15:03:52.498+0000][gc,cpu        ] GC(2) User=0.00s Sys=0.00s Real=0.00s
[2025-04-19T15:03:52.503+0000][gc,marking    ] GC(2) Concurrent Rebuild Remembered Sets
[2025-04-19T15:03:52.508+0000][gc,marking    ] GC(2) Concurrent Rebuild Remembered Sets 4.667ms
[2025-04-19T15:03:52.508+0000][gc,start      ] GC(2) Pause Cleanup
[2025-04-19T15:03:52.508+0000][gc            ] GC(2) Pause Cleanup 8M->8M(1024M) 0.520ms
[2025-04-19T15:03:52.509+0000][gc,cpu        ] GC(2) User=0.00s Sys=0.00s Real=0.00s
[2025-04-19T15:03:52.509+0000][gc,marking    ] GC(2) Concurrent Cleanup for Next Mark
[2025-04-19T15:03:53.036+0000][gc,marking    ] GC(2) Concurrent Cleanup for Next Mark 527.042ms
[2025-04-19T15:03:53.050+0000][gc            ] GC(2) Concurrent Cycle 577.750ms
[2025-04-19T15:03:57.335+0000][gc,start      ] GC(3) Pause Young (Normal) (G1 Evacuation Pause)
[2025-04-19T15:03:57.336+0000][gc,task       ] GC(3) Using 1 workers of 1 for evacuation
[2025-04-19T15:03:57.375+0000][gc,mmu        ] GC(3) MMU target violated: 21.0ms (20.0ms/21.0ms)
[2025-04-19T15:03:57.375+0000][gc,phases     ] GC(3)   Pre Evacuate Collection Set: 0.0ms
[2025-04-19T15:03:57.375+0000][gc,phases     ] GC(3)   Evacuate Collection Set: 38.6ms
[2025-04-19T15:03:57.375+0000][gc,phases     ] GC(3)   Post Evacuate Collection Set: 0.3ms
[2025-04-19T15:03:57.375+0000][gc,phases     ] GC(3)   Other: 0.3ms
[2025-04-19T15:03:57.375+0000][gc,heap       ] GC(3) Eden regions: 50->0(46)
[2025-04-19T15:03:57.375+0000][gc,heap       ] GC(3) Survivor regions: 1->5(7)
[2025-04-19T15:03:57.375+0000][gc,heap       ] GC(3) Old regions: 7->7
[2025-04-19T15:03:57.375+0000][gc,heap       ] GC(3) Humongous regions: 129->129
[2025-04-19T15:03:57.375+0000][gc,metaspace  ] GC(3) Metaspace: 29652K(30844K)->29652K(30844K) NonClass: 26145K(26876K)->26145K(26876K) Class: 3507K(3968K)->3507K(3968K)
[2025-04-19T15:03:57.375+0000][gc            ] GC(3) Pause Young (Normal) (G1 Evacuation Pause) 186M->140M(1024M) 39.153ms
[2025-04-19T15:03:57.375+0000][gc,cpu        ] GC(3) User=0.00s Sys=0.03s Real=0.03s
[2025-04-19T15:03:59.433+0000][gc,start      ] GC(4) Pause Young (Concurrent Start) (Metadata GC Threshold)
[2025-04-19T15:03:59.433+0000][gc,task       ] GC(4) Using 1 workers of 1 for evacuation
[2025-04-19T15:03:59.535+0000][gc,mmu        ] GC(4) MMU target violated: 21.0ms (20.0ms/21.0ms)
[2025-04-19T15:03:59.535+0000][gc,phases     ] GC(4)   Pre Evacuate Collection Set: 0.1ms
[2025-04-19T15:03:59.535+0000][gc,phases     ] GC(4)   Evacuate Collection Set: 101.4ms
[2025-04-19T15:03:59.535+0000][gc,phases     ] GC(4)   Post Evacuate Collection Set: 0.3ms
[2025-04-19T15:03:59.535+0000][gc,phases     ] GC(4)   Other: 0.3ms
[2025-04-19T15:03:59.535+0000][gc,heap       ] GC(4) Eden regions: 24->0(49)
[2025-04-19T15:03:59.535+0000][gc,heap       ] GC(4) Survivor regions: 5->2(7)
[2025-04-19T15:03:59.535+0000][gc,heap       ] GC(4) Old regions: 7->12
[2025-04-19T15:03:59.535+0000][gc,heap       ] GC(4) Humongous regions: 129->129
[2025-04-19T15:03:59.535+0000][gc,metaspace  ] GC(4) Metaspace: 34679K(36048K)->34679K(36048K) NonClass: 30507K(31228K)->30507K(31228K) Class: 4171K(4820K)->4171K(4820K)
[2025-04-19T15:03:59.535+0000][gc            ] GC(4) Pause Young (Concurrent Start) (Metadata GC Threshold) 164M->142M(1024M) 102.083ms
[2025-04-19T15:03:59.535+0000][gc,cpu        ] GC(4) User=0.01s Sys=0.07s Real=0.09s
[2025-04-19T15:03:59.535+0000][gc            ] GC(5) Concurrent Cycle
[2025-04-19T15:03:59.535+0000][gc,marking    ] GC(5) Concurrent Clear Claimed Marks
[2025-04-19T15:03:59.535+0000][gc,marking    ] GC(5) Concurrent Clear Claimed Marks 0.119ms
[2025-04-19T15:03:59.535+0000][gc,marking    ] GC(5) Concurrent Scan Root Regions
[2025-04-19T15:03:59.536+0000][gc,marking    ] GC(5) Concurrent Scan Root Regions 1.419ms
[2025-04-19T15:03:59.536+0000][gc,marking    ] GC(5) Concurrent Mark (14.710s)
[2025-04-19T15:03:59.536+0000][gc,marking    ] GC(5) Concurrent Mark From Roots
[2025-04-19T15:03:59.536+0000][gc,task       ] GC(5) Using 1 workers of 1 for marking
[2025-04-19T15:03:59.602+0000][gc,marking    ] GC(5) Concurrent Mark From Roots 65.635ms
[2025-04-19T15:03:59.602+0000][gc,marking    ] GC(5) Concurrent Preclean
[2025-04-19T15:03:59.602+0000][gc,marking    ] GC(5) Concurrent Preclean 0.074ms
[2025-04-19T15:03:59.602+0000][gc,marking    ] GC(5) Concurrent Mark (14.710s, 14.776s) 65.761ms
[2025-04-19T15:03:59.614+0000][gc,start      ] GC(5) Pause Remark
[2025-04-19T15:03:59.623+0000][gc,stringtable] GC(5) Cleaned string and symbol table, strings: 14655 processed, 11 removed, symbols: 81933 processed, 16 removed
[2025-04-19T15:03:59.623+0000][gc            ] GC(5) Pause Remark 143M->143M(1024M) 8.575ms
[2025-04-19T15:03:59.623+0000][gc,cpu        ] GC(5) User=0.01s Sys=0.01s Real=0.00s
[2025-04-19T15:03:59.623+0000][gc,marking    ] GC(5) Concurrent Rebuild Remembered Sets
[2025-04-19T15:03:59.717+0000][gc,marking    ] GC(5) Concurrent Rebuild Remembered Sets 94.326ms
[2025-04-19T15:03:59.726+0000][gc,start      ] GC(5) Pause Cleanup
[2025-04-19T15:03:59.727+0000][gc            ] GC(5) Pause Cleanup 144M->144M(1024M) 0.338ms
[2025-04-19T15:03:59.727+0000][gc,cpu        ] GC(5) User=0.00s Sys=0.00s Real=0.00s
[2025-04-19T15:03:59.727+0000][gc,marking    ] GC(5) Concurrent Cleanup for Next Mark
[2025-04-19T15:04:00.045+0000][gc,marking    ] GC(5) Concurrent Cleanup for Next Mark 317.819ms
[2025-04-19T15:04:00.045+0000][gc            ] GC(5) Concurrent Cycle 509.899ms
[2025-04-19T15:08:51.030+0000][gc,start      ] GC(6) Pause Young (Normal) (G1 Evacuation Pause)
[2025-04-19T15:08:51.030+0000][gc,task       ] GC(6) Using 1 workers of 1 for evacuation
[2025-04-19T15:08:51.104+0000][gc,mmu        ] GC(6) MMU target violated: 21.0ms (20.0ms/21.0ms)
[2025-04-19T15:08:51.104+0000][gc,phases     ] GC(6)   Pre Evacuate Collection Set: 0.5ms
[2025-04-19T15:08:51.104+0000][gc,phases     ] GC(6)   Evacuate Collection Set: 70.8ms
[2025-04-19T15:08:51.104+0000][gc,phases     ] GC(6)   Post Evacuate Collection Set: 0.5ms
[2025-04-19T15:08:51.104+0000][gc,phases     ] GC(6)   Other: 2.4ms
[2025-04-19T15:08:51.104+0000][gc,heap       ] GC(6) Eden regions: 49->0(46)
[2025-04-19T15:08:51.104+0000][gc,heap       ] GC(6) Survivor regions: 2->5(7)
[2025-04-19T15:08:51.104+0000][gc,heap       ] GC(6) Old regions: 12->12
[2025-04-19T15:08:51.104+0000][gc,heap       ] GC(6) Humongous regions: 129->129
[2025-04-19T15:08:51.104+0000][gc,metaspace  ] GC(6) Metaspace: 41371K(43984K)->41371K(43984K) NonClass: 35994K(37372K)->35994K(37372K) Class: 5377K(6612K)->5377K(6612K)
[2025-04-19T15:08:51.104+0000][gc            ] GC(6) Pause Young (Normal) (G1 Evacuation Pause) 191M->145M(1024M) 74.244ms
[2025-04-19T15:08:51.104+0000][gc,cpu        ] GC(6) User=0.03s Sys=0.03s Real=0.07s
[2025-04-19T15:26:37.668+0000][gc,start      ] GC(7) Pause Young (Normal) (G1 Evacuation Pause)
[2025-04-19T15:26:37.668+0000][gc,task       ] GC(7) Using 1 workers of 1 for evacuation
[2025-04-19T15:26:37.966+0000][gc,mmu        ] GC(7) MMU target violated: 21.0ms (20.0ms/21.0ms)
[2025-04-19T15:26:37.966+0000][gc,phases     ] GC(7)   Pre Evacuate Collection Set: 0.7ms
[2025-04-19T15:26:37.966+0000][gc,phases     ] GC(7)   Evacuate Collection Set: 282.3ms
[2025-04-19T15:26:37.966+0000][gc,phases     ] GC(7)   Post Evacuate Collection Set: 13.4ms
[2025-04-19T15:26:37.966+0000][gc,phases     ] GC(7)   Other: 2.0ms
[2025-04-19T15:26:37.966+0000][gc,heap       ] GC(7) Eden regions: 46->0(46)
[2025-04-19T15:26:37.966+0000][gc,heap       ] GC(7) Survivor regions: 5->5(7)
[2025-04-19T15:26:37.966+0000][gc,heap       ] GC(7) Old regions: 12->13
[2025-04-19T15:26:37.966+0000][gc,heap       ] GC(7) Humongous regions: 129->129
[2025-04-19T15:26:37.966+0000][gc,metaspace  ] GC(7) Metaspace: 42163K(44880K)->42163K(44880K) NonClass: 36725K(38140K)->36725K(38140K) Class: 5437K(6740K)->5437K(6740K)
[2025-04-19T15:26:37.966+0000][gc            ] GC(7) Pause Young (Normal) (G1 Evacuation Pause) 191M->146M(1024M) 298.388ms
[2025-04-19T15:26:37.966+0000][gc,cpu        ] GC(7) User=0.00s Sys=0.05s Real=0.30s
[2025-04-19T16:06:21.311+0000][gc,start      ] GC(8) Pause Young (Normal) (G1 Evacuation Pause)
[2025-04-19T16:06:21.312+0000][gc,task       ] GC(8) Using 1 workers of 1 for evacuation
[2025-04-19T16:06:21.423+0000][gc,mmu        ] GC(8) MMU target violated: 21.0ms (20.0ms/21.0ms)
[2025-04-19T16:06:21.424+0000][gc,phases     ] GC(8)   Pre Evacuate Collection Set: 0.5ms
[2025-04-19T16:06:21.424+0000][gc,phases     ] GC(8)   Evacuate Collection Set: 110.5ms
[2025-04-19T16:06:21.424+0000][gc,phases     ] GC(8)   Post Evacuate Collection Set: 0.4ms
[2025-04-19T16:06:21.424+0000][gc,phases     ] GC(8)   Other: 0.8ms
[2025-04-19T16:06:21.424+0000][gc,heap       ] GC(8) Eden regions: 46->0(49)
[2025-04-19T16:06:21.424+0000][gc,heap       ] GC(8) Survivor regions: 5->2(7)
[2025-04-19T16:06:21.424+0000][gc,heap       ] GC(8) Old regions: 13->16
[2025-04-19T16:06:21.424+0000][gc,heap       ] GC(8) Humongous regions: 129->129
[2025-04-19T16:06:21.424+0000][gc,metaspace  ] GC(8) Metaspace: 42493K(45264K)->42493K(45264K) NonClass: 37014K(38396K)->37014K(38396K) Class: 5478K(6868K)->5478K(6868K)
[2025-04-19T16:06:21.424+0000][gc            ] GC(8) Pause Young (Normal) (G1 Evacuation Pause) 192M->145M(1024M) 112.281ms
[2025-04-19T16:06:21.424+0000][gc,cpu        ] GC(8) User=0.06s Sys=0.06s Real=0.11s
[2025-04-19T16:24:56.643+0000][gc,heap,exit  ] Heap
[2025-04-19T16:24:56.643+0000][gc,heap,exit  ]  garbage-first heap   total 1048576K, used 179137K [0x00000000c0000000, 0x0000000100000000)
[2025-04-19T16:24:56.643+0000][gc,heap,exit  ]   region size 1024K, 33 young (33792K), 2 survivors (2048K)
[2025-04-19T16:24:56.643+0000][gc,heap,exit  ]  Metaspace       used 43308K, capacity 46117K, committed 46288K, reserved 1089536K
[2025-04-19T16:24:56.643+0000][gc,heap,exit  ]   class space    used 5687K, capacity 7039K, committed 7124K, reserved 1048576K
