[2025-04-18T22:21:42.974+0000][gc,heap] Heap region size: 1M
[2025-04-18T22:21:42.990+0000][gc     ] Using G1
[2025-04-18T22:21:42.990+0000][gc,heap,coops] Heap address: 0x00000000c0000000, size: 1024 MB, Compressed Oops mode: 32-bit
[2025-04-18T22:21:47.178+0000][gc,start     ] GC(0) Pause Young (Normal) (G1 Evacuation Pause)
[2025-04-18T22:21:47.178+0000][gc,task      ] GC(0) Using 1 workers of 1 for evacuation
[2025-04-18T22:21:47.274+0000][gc,mmu       ] GC(0) MMU target violated: 21.0ms (20.0ms/21.0ms)
[2025-04-18T22:21:47.274+0000][gc,phases    ] GC(0)   Pre Evacuate Collection Set: 0.0ms
[2025-04-18T22:21:47.274+0000][gc,phases    ] GC(0)   Evacuate Collection Set: 95.6ms
[2025-04-18T22:21:47.274+0000][gc,phases    ] GC(0)   Post Evacuate Collection Set: 0.5ms
[2025-04-18T22:21:47.274+0000][gc,phases    ] GC(0)   Other: 0.4ms
[2025-04-18T22:21:47.274+0000][gc,heap      ] GC(0) Eden regions: 51->0(44)
[2025-04-18T22:21:47.274+0000][gc,heap      ] GC(0) Survivor regions: 0->7(7)
[2025-04-18T22:21:47.274+0000][gc,heap      ] GC(0) Old regions: 0->0
[2025-04-18T22:21:47.274+0000][gc,heap      ] GC(0) Humongous regions: 0->0
[2025-04-18T22:21:47.275+0000][gc,metaspace ] GC(0) Metaspace: 15525K(16000K)->15525K(16000K) NonClass: 13568K(13824K)->13568K(13824K) Class: 1956K(2176K)->1956K(2176K)
[2025-04-18T22:21:47.275+0000][gc           ] GC(0) Pause Young (Normal) (G1 Evacuation Pause) 51M->6M(1024M) 96.508ms
[2025-04-18T22:21:47.275+0000][gc,cpu       ] GC(0) User=0.01s Sys=0.09s Real=0.09s
[2025-04-18T22:21:48.712+0000][gc,start     ] GC(1) Pause Young (Concurrent Start) (Metadata GC Threshold)
[2025-04-18T22:21:48.712+0000][gc,task      ] GC(1) Using 1 workers of 1 for evacuation
[2025-04-18T22:21:48.816+0000][gc,mmu       ] GC(1) MMU target violated: 21.0ms (20.0ms/21.0ms)
[2025-04-18T22:21:48.816+0000][gc,phases    ] GC(1)   Pre Evacuate Collection Set: 0.1ms
[2025-04-18T22:21:48.816+0000][gc,phases    ] GC(1)   Evacuate Collection Set: 103.1ms
[2025-04-18T22:21:48.816+0000][gc,phases    ] GC(1)   Post Evacuate Collection Set: 0.3ms
[2025-04-18T22:21:48.816+0000][gc,phases    ] GC(1)   Other: 0.5ms
[2025-04-18T22:21:48.816+0000][gc,heap      ] GC(1) Eden regions: 20->0(50)
[2025-04-18T22:21:48.816+0000][gc,heap      ] GC(1) Survivor regions: 7->1(7)
[2025-04-18T22:21:48.816+0000][gc,heap      ] GC(1) Old regions: 0->7
[2025-04-18T22:21:48.816+0000][gc,heap      ] GC(1) Humongous regions: 0->0
[2025-04-18T22:21:48.816+0000][gc,metaspace ] GC(1) Metaspace: 20490K(21248K)->20490K(21248K) NonClass: 17957K(18432K)->17957K(18432K) Class: 2533K(2816K)->2533K(2816K)
[2025-04-18T22:21:48.816+0000][gc           ] GC(1) Pause Young (Concurrent Start) (Metadata GC Threshold) 26M->7M(1024M) 103.976ms
[2025-04-18T22:21:48.816+0000][gc,cpu       ] GC(1) User=0.01s Sys=0.09s Real=0.10s
[2025-04-18T22:21:48.816+0000][gc           ] GC(2) Concurrent Cycle
[2025-04-18T22:21:48.816+0000][gc,marking   ] GC(2) Concurrent Clear Claimed Marks
[2025-04-18T22:21:48.817+0000][gc,marking   ] GC(2) Concurrent Clear Claimed Marks 0.061ms
[2025-04-18T22:21:48.817+0000][gc,marking   ] GC(2) Concurrent Scan Root Regions
[2025-04-18T22:21:48.817+0000][gc,marking   ] GC(2) Concurrent Scan Root Regions 0.818ms
[2025-04-18T22:21:48.817+0000][gc,marking   ] GC(2) Concurrent Mark (5.863s)
[2025-04-18T22:21:48.817+0000][gc,marking   ] GC(2) Concurrent Mark From Roots
[2025-04-18T22:21:48.817+0000][gc,task      ] GC(2) Using 1 workers of 1 for marking
[2025-04-18T22:21:48.888+0000][gc,marking   ] GC(2) Concurrent Mark From Roots 70.281ms
[2025-04-18T22:21:48.888+0000][gc,marking   ] GC(2) Concurrent Preclean
[2025-04-18T22:21:48.888+0000][gc,marking   ] GC(2) Concurrent Preclean 0.171ms
[2025-04-18T22:21:48.888+0000][gc,marking   ] GC(2) Concurrent Mark (5.863s, 5.934s) 70.521ms
[2025-04-18T22:21:48.892+0000][gc,start     ] GC(2) Pause Remark
[2025-04-18T22:21:48.912+0000][gc,stringtable] GC(2) Cleaned string and symbol table, strings: 9778 processed, 0 removed, symbols: 50834 processed, 47 removed
[2025-04-18T22:21:48.912+0000][gc,mmu        ] GC(2) MMU target violated: 20.2ms (20.0ms/21.0ms)
[2025-04-18T22:21:48.912+0000][gc            ] GC(2) Pause Remark 9M->9M(1024M) 20.297ms
[2025-04-18T22:21:48.912+0000][gc,cpu        ] GC(2) User=0.00s Sys=0.01s Real=0.02s
[2025-04-18T22:21:48.912+0000][gc,marking    ] GC(2) Concurrent Rebuild Remembered Sets
[2025-04-18T22:21:48.942+0000][gc,marking    ] GC(2) Concurrent Rebuild Remembered Sets 29.695ms
[2025-04-18T22:21:48.942+0000][gc,start      ] GC(2) Pause Cleanup
[2025-04-18T22:21:48.943+0000][gc            ] GC(2) Pause Cleanup 9M->9M(1024M) 0.941ms
[2025-04-18T22:21:48.943+0000][gc,cpu        ] GC(2) User=0.00s Sys=0.00s Real=0.00s
[2025-04-18T22:21:48.943+0000][gc,marking    ] GC(2) Concurrent Cleanup for Next Mark
[2025-04-18T22:21:49.382+0000][gc,marking    ] GC(2) Concurrent Cleanup for Next Mark 438.429ms
[2025-04-18T22:21:49.382+0000][gc            ] GC(2) Concurrent Cycle 565.289ms
[2025-04-18T22:21:53.864+0000][gc,start      ] GC(3) Pause Young (Normal) (G1 Evacuation Pause)
[2025-04-18T22:21:53.864+0000][gc,task       ] GC(3) Using 1 workers of 1 for evacuation
[2025-04-18T22:21:53.883+0000][gc,phases     ] GC(3)   Pre Evacuate Collection Set: 0.0ms
[2025-04-18T22:21:53.883+0000][gc,phases     ] GC(3)   Evacuate Collection Set: 18.5ms
[2025-04-18T22:21:53.883+0000][gc,phases     ] GC(3)   Post Evacuate Collection Set: 0.3ms
[2025-04-18T22:21:53.883+0000][gc,phases     ] GC(3)   Other: 0.3ms
[2025-04-18T22:21:53.883+0000][gc,heap       ] GC(3) Eden regions: 50->0(46)
[2025-04-18T22:21:53.883+0000][gc,heap       ] GC(3) Survivor regions: 1->5(7)
[2025-04-18T22:21:53.883+0000][gc,heap       ] GC(3) Old regions: 7->7
[2025-04-18T22:21:53.883+0000][gc,heap       ] GC(3) Humongous regions: 129->129
[2025-04-18T22:21:53.883+0000][gc,metaspace  ] GC(3) Metaspace: 29353K(30592K)->29353K(30592K) NonClass: 25850K(26624K)->25850K(26624K) Class: 3502K(3968K)->3502K(3968K)
[2025-04-18T22:21:53.883+0000][gc            ] GC(3) Pause Young (Normal) (G1 Evacuation Pause) 186M->140M(1024M) 19.124ms
[2025-04-18T22:21:53.883+0000][gc,cpu        ] GC(3) User=0.00s Sys=0.01s Real=0.02s
[2025-04-18T22:21:55.395+0000][gc,start      ] GC(4) Pause Young (Concurrent Start) (Metadata GC Threshold)
[2025-04-18T22:21:55.395+0000][gc,task       ] GC(4) Using 1 workers of 1 for evacuation
[2025-04-18T22:21:55.501+0000][gc,mmu        ] GC(4) MMU target violated: 21.0ms (20.0ms/21.0ms)
[2025-04-18T22:21:55.501+0000][gc,phases     ] GC(4)   Pre Evacuate Collection Set: 0.1ms
[2025-04-18T22:21:55.501+0000][gc,phases     ] GC(4)   Evacuate Collection Set: 104.8ms
[2025-04-18T22:21:55.501+0000][gc,phases     ] GC(4)   Post Evacuate Collection Set: 0.3ms
[2025-04-18T22:21:55.501+0000][gc,phases     ] GC(4)   Other: 0.5ms
[2025-04-18T22:21:55.501+0000][gc,heap       ] GC(4) Eden regions: 23->0(49)
[2025-04-18T22:21:55.501+0000][gc,heap       ] GC(4) Survivor regions: 5->2(7)
[2025-04-18T22:21:55.501+0000][gc,heap       ] GC(4) Old regions: 7->12
[2025-04-18T22:21:55.501+0000][gc,heap       ] GC(4) Humongous regions: 129->129
[2025-04-18T22:21:55.501+0000][gc,metaspace  ] GC(4) Metaspace: 34273K(35628K)->34273K(35628K) NonClass: 30167K(30892K)->30167K(30892K) Class: 4106K(4736K)->4106K(4736K)
[2025-04-18T22:21:55.501+0000][gc            ] GC(4) Pause Young (Concurrent Start) (Metadata GC Threshold) 163M->142M(1024M) 105.685ms
[2025-04-18T22:21:55.501+0000][gc,cpu        ] GC(4) User=0.01s Sys=0.07s Real=0.11s
[2025-04-18T22:21:55.502+0000][gc            ] GC(5) Concurrent Cycle
[2025-04-18T22:21:55.502+0000][gc,marking    ] GC(5) Concurrent Clear Claimed Marks
[2025-04-18T22:21:55.502+0000][gc,marking    ] GC(5) Concurrent Clear Claimed Marks 0.096ms
[2025-04-18T22:21:55.502+0000][gc,marking    ] GC(5) Concurrent Scan Root Regions
[2025-04-18T22:21:55.503+0000][gc,marking    ] GC(5) Concurrent Scan Root Regions 1.104ms
[2025-04-18T22:21:55.503+0000][gc,marking    ] GC(5) Concurrent Mark (12.549s)
[2025-04-18T22:21:55.503+0000][gc,marking    ] GC(5) Concurrent Mark From Roots
[2025-04-18T22:21:55.503+0000][gc,task       ] GC(5) Using 1 workers of 1 for marking
[2025-04-18T22:21:55.691+0000][gc,marking    ] GC(5) Concurrent Mark From Roots 188.006ms
[2025-04-18T22:21:55.691+0000][gc,marking    ] GC(5) Concurrent Preclean
[2025-04-18T22:21:55.691+0000][gc,marking    ] GC(5) Concurrent Preclean 0.079ms
[2025-04-18T22:21:55.691+0000][gc,marking    ] GC(5) Concurrent Mark (12.549s, 12.737s) 188.144ms
[2025-04-18T22:21:55.691+0000][gc,start      ] GC(5) Pause Remark
[2025-04-18T22:21:55.702+0000][gc,stringtable] GC(5) Cleaned string and symbol table, strings: 14576 processed, 11 removed, symbols: 81675 processed, 18 removed
[2025-04-18T22:21:55.713+0000][gc,mmu        ] GC(5) MMU target violated: 21.0ms (20.0ms/21.0ms)
[2025-04-18T22:21:55.713+0000][gc            ] GC(5) Pause Remark 144M->144M(1024M) 21.904ms
[2025-04-18T22:21:55.713+0000][gc,cpu        ] GC(5) User=0.00s Sys=0.01s Real=0.02s
[2025-04-18T22:21:55.713+0000][gc,marking    ] GC(5) Concurrent Rebuild Remembered Sets
[2025-04-18T22:21:55.800+0000][gc,marking    ] GC(5) Concurrent Rebuild Remembered Sets 86.692ms
[2025-04-18T22:21:55.800+0000][gc,start      ] GC(5) Pause Cleanup
[2025-04-18T22:21:55.800+0000][gc            ] GC(5) Pause Cleanup 145M->145M(1024M) 0.349ms
[2025-04-18T22:21:55.800+0000][gc,cpu        ] GC(5) User=0.00s Sys=0.00s Real=0.00s
[2025-04-18T22:21:55.801+0000][gc,marking    ] GC(5) Concurrent Cleanup for Next Mark
[2025-04-18T22:21:56.469+0000][gc,marking    ] GC(5) Concurrent Cleanup for Next Mark 668.344ms
[2025-04-18T22:21:56.469+0000][gc            ] GC(5) Concurrent Cycle 967.323ms
[2025-04-18T22:25:30.100+0000][gc,start      ] GC(6) Pause Young (Normal) (G1 Evacuation Pause)
[2025-04-18T22:25:30.100+0000][gc,task       ] GC(6) Using 1 workers of 1 for evacuation
[2025-04-18T22:25:30.150+0000][gc,mmu        ] GC(6) MMU target violated: 21.0ms (20.0ms/21.0ms)
[2025-04-18T22:25:30.150+0000][gc,phases     ] GC(6)   Pre Evacuate Collection Set: 0.0ms
[2025-04-18T22:25:30.150+0000][gc,phases     ] GC(6)   Evacuate Collection Set: 48.4ms
[2025-04-18T22:25:30.150+0000][gc,phases     ] GC(6)   Post Evacuate Collection Set: 0.8ms
[2025-04-18T22:25:30.150+0000][gc,phases     ] GC(6)   Other: 0.4ms
[2025-04-18T22:25:30.150+0000][gc,heap       ] GC(6) Eden regions: 49->0(47)
[2025-04-18T22:25:30.150+0000][gc,heap       ] GC(6) Survivor regions: 2->4(7)
[2025-04-18T22:25:30.150+0000][gc,heap       ] GC(6) Old regions: 12->12
[2025-04-18T22:25:30.150+0000][gc,heap       ] GC(6) Humongous regions: 129->129
[2025-04-18T22:25:30.150+0000][gc,metaspace  ] GC(6) Metaspace: 41273K(43896K)->41273K(43896K) NonClass: 35765K(37036K)->35765K(37036K) Class: 5507K(6860K)->5507K(6860K)
[2025-04-18T22:25:30.150+0000][gc            ] GC(6) Pause Young (Normal) (G1 Evacuation Pause) 191M->144M(1024M) 49.655ms
[2025-04-18T22:25:30.150+0000][gc,cpu        ] GC(6) User=0.00s Sys=0.01s Real=0.05s
