[2025-04-19T15:03:30.483+0000][gc,heap] Heap region size: 1M
[2025-04-19T15:03:30.496+0000][gc     ] Using G1
[2025-04-19T15:03:30.496+0000][gc,heap,coops] Heap address: 0x00000000e0000000, size: 512 MB, Compressed Oops mode: 32-bit
[2025-04-19T15:03:50.706+0000][gc,start     ] GC(0) Pause Young (Normal) (G1 Evacuation Pause)
[2025-04-19T15:03:50.706+0000][gc,task      ] GC(0) Using 1 workers of 1 for evacuation
[2025-04-19T15:03:50.784+0000][gc,mmu       ] GC(0) MMU target violated: 21.0ms (20.0ms/21.0ms)
[2025-04-19T15:03:50.784+0000][gc,phases    ] GC(0)   Pre Evacuate Collection Set: 0.0ms
[2025-04-19T15:03:50.784+0000][gc,phases    ] GC(0)   Evacuate Collection Set: 77.8ms
[2025-04-19T15:03:50.784+0000][gc,phases    ] GC(0)   Post Evacuate Collection Set: 0.3ms
[2025-04-19T15:03:50.784+0000][gc,phases    ] GC(0)   Other: 0.3ms
[2025-04-19T15:03:50.784+0000][gc,heap      ] GC(0) Eden regions: 25->0(21)
[2025-04-19T15:03:50.784+0000][gc,heap      ] GC(0) Survivor regions: 0->4(4)
[2025-04-19T15:03:50.784+0000][gc,heap      ] GC(0) Old regions: 0->2
[2025-04-19T15:03:50.784+0000][gc,heap      ] GC(0) Humongous regions: 0->0
[2025-04-19T15:03:50.784+0000][gc,metaspace ] GC(0) Metaspace: 7814K(8192K)->7814K(8192K) NonClass: 6933K(7168K)->6933K(7168K) Class: 881K(1024K)->881K(1024K)
[2025-04-19T15:03:50.784+0000][gc           ] GC(0) Pause Young (Normal) (G1 Evacuation Pause) 25M->5M(512M) 78.460ms
[2025-04-19T15:03:50.784+0000][gc,cpu       ] GC(0) User=0.01s Sys=0.07s Real=0.08s
[2025-04-19T16:24:57.838+0000][gc,heap,exit ] Heap
[2025-04-19T16:24:57.839+0000][gc,heap,exit ]  garbage-first heap   total 524288K, used 14195K [0x00000000e0000000, 0x0000000100000000)
[2025-04-19T16:24:57.839+0000][gc,heap,exit ]   region size 1024K, 13 young (13312K), 4 survivors (4096K)
[2025-04-19T16:24:57.839+0000][gc,heap,exit ]  Metaspace       used 8536K, capacity 8845K, committed 8960K, reserved 1056768K
[2025-04-19T16:24:57.839+0000][gc,heap,exit ]   class space    used 905K, capacity 1014K, committed 1024K, reserved 1048576K
