[2025-04-18T22:19:53.236+0000][gc,heap] Heap region size: 1M
[2025-04-18T22:19:53.244+0000][gc     ] Using G1
[2025-04-18T22:19:53.244+0000][gc,heap,coops] Heap address: 0x00000000e0000000, size: 512 MB, Compressed Oops mode: 32-bit
[2025-04-18T22:21:46.937+0000][gc,start     ] GC(0) Pause Young (Normal) (G1 Evacuation Pause)
[2025-04-18T22:21:46.937+0000][gc,task      ] GC(0) Using 1 workers of 1 for evacuation
[2025-04-18T22:21:47.020+0000][gc,mmu       ] GC(0) MMU target violated: 21.0ms (20.0ms/21.0ms)
[2025-04-18T22:21:47.020+0000][gc,phases    ] GC(0)   Pre Evacuate Collection Set: 0.1ms
[2025-04-18T22:21:47.020+0000][gc,phases    ] GC(0)   Evacuate Collection Set: 82.3ms
[2025-04-18T22:21:47.020+0000][gc,phases    ] GC(0)   Post Evacuate Collection Set: 0.3ms
[2025-04-18T22:21:47.020+0000][gc,phases    ] GC(0)   Other: 0.3ms
[2025-04-18T22:21:47.020+0000][gc,heap      ] GC(0) Eden regions: 25->0(21)
[2025-04-18T22:21:47.020+0000][gc,heap      ] GC(0) Survivor regions: 0->4(4)
[2025-04-18T22:21:47.020+0000][gc,heap      ] GC(0) Old regions: 0->2
[2025-04-18T22:21:47.020+0000][gc,heap      ] GC(0) Humongous regions: 0->0
[2025-04-18T22:21:47.020+0000][gc,metaspace ] GC(0) Metaspace: 7679K(8192K)->7679K(8192K) NonClass: 6808K(7168K)->6808K(7168K) Class: 870K(1024K)->870K(1024K)
[2025-04-18T22:21:47.020+0000][gc           ] GC(0) Pause Young (Normal) (G1 Evacuation Pause) 25M->5M(512M) 83.049ms
[2025-04-18T22:21:47.020+0000][gc,cpu       ] GC(0) User=0.00s Sys=0.08s Real=0.09s
[2025-04-18T22:25:26.322+0000][gc,heap,exit ] Heap
[2025-04-18T22:25:26.322+0000][gc,heap,exit ]  garbage-first heap   total 524288K, used 12109K [0x00000000e0000000, 0x0000000100000000)
[2025-04-18T22:25:26.322+0000][gc,heap,exit ]   region size 1024K, 11 young (11264K), 4 survivors (4096K)
[2025-04-18T22:25:26.322+0000][gc,heap,exit ]  Metaspace       used 8310K, capacity 8589K, committed 8704K, reserved 1056768K
[2025-04-18T22:25:26.322+0000][gc,heap,exit ]   class space    used 905K, capacity 1014K, committed 1024K, reserved 1048576K
